// Jest Snapshot v1, https://goo.gl/fbAQLP

exports[`Snapshot component Footer 1`] = `
Object {
  "asFragment": [Function],
  "baseElement": <body>
    <div>
      <footer
        class="footer"
      >
        <div
          class="footer__container"
        >
          <a
            class="footer__logo"
            href="https://rs.school/js/"
          >
            <img
              alt="rs school"
              class="footer__logo__img"
              src="rs_school_js.svg"
            />
          </a>
          <p
            class="footer__authors"
          >
            <span>
              by
            </span>
            <a
              href="https://github.com/Alex-Edward-Klim"
            >
               Aleksey Klimovskoy
            </a>
            ,
            <a
              href="https://github.com/korytsa"
            >
               Anna Korytko
            </a>
            ,
            <a
              href="https://github.com/YaroslavTrefilov"
            >
               Yaroslav Trefilov
            </a>
            ,
            <a
              href="https://github.com/NachinkaShaurmi"
            >
               Iurii Oleinik
            </a>
          </p>
          <a
            class="footer__rss"
            href="https://rs.school/js/"
          >
            <p>
              RS School
            </p>
            <p>
              2021
            </p>
          </a>
        </div>
      </footer>
    </div>
  </body>,
  "container": <div>
    <footer
      class="footer"
    >
      <div
        class="footer__container"
      >
        <a
          class="footer__logo"
          href="https://rs.school/js/"
        >
          <img
            alt="rs school"
            class="footer__logo__img"
            src="rs_school_js.svg"
          />
        </a>
        <p
          class="footer__authors"
        >
          <span>
            by
          </span>
          <a
            href="https://github.com/Alex-Edward-Klim"
          >
             Aleksey Klimovskoy
          </a>
          ,
          <a
            href="https://github.com/korytsa"
          >
             Anna Korytko
          </a>
          ,
          <a
            href="https://github.com/YaroslavTrefilov"
          >
             Yaroslav Trefilov
          </a>
          ,
          <a
            href="https://github.com/NachinkaShaurmi"
          >
             Iurii Oleinik
          </a>
        </p>
        <a
          class="footer__rss"
          href="https://rs.school/js/"
        >
          <p>
            RS School
          </p>
          <p>
            2021
          </p>
        </a>
      </div>
    </footer>
  </div>,
  "debug": [Function],
  "findAllByAltText": [Function],
  "findAllByDisplayValue": [Function],
  "findAllByLabelText": [Function],
  "findAllByPlaceholderText": [Function],
  "findAllByRole": [Function],
  "findAllByTestId": [Function],
  "findAllByText": [Function],
  "findAllByTitle": [Function],
  "findByAltText": [Function],
  "findByDisplayValue": [Function],
  "findByLabelText": [Function],
  "findByPlaceholderText": [Function],
  "findByRole": [Function],
  "findByTestId": [Function],
  "findByText": [Function],
  "findByTitle": [Function],
  "getAllByAltText": [Function],
  "getAllByDisplayValue": [Function],
  "getAllByLabelText": [Function],
  "getAllByPlaceholderText": [Function],
  "getAllByRole": [Function],
  "getAllByTestId": [Function],
  "getAllByText": [Function],
  "getAllByTitle": [Function],
  "getByAltText": [Function],
  "getByDisplayValue": [Function],
  "getByLabelText": [Function],
  "getByPlaceholderText": [Function],
  "getByRole": [Function],
  "getByTestId": [Function],
  "getByText": [Function],
  "getByTitle": [Function],
  "queryAllByAltText": [Function],
  "queryAllByDisplayValue": [Function],
  "queryAllByLabelText": [Function],
  "queryAllByPlaceholderText": [Function],
  "queryAllByRole": [Function],
  "queryAllByTestId": [Function],
  "queryAllByText": [Function],
  "queryAllByTitle": [Function],
  "queryByAltText": [Function],
  "queryByDisplayValue": [Function],
  "queryByLabelText": [Function],
  "queryByPlaceholderText": [Function],
  "queryByRole": [Function],
  "queryByTestId": [Function],
  "queryByText": [Function],
  "queryByTitle": [Function],
  "rerender": [Function],
  "unmount": [Function],
}
`;
